Microchip MPLAB XC8 Compiler V2.32

Linker command line:

-W-3 --edf=C:\Program Files\Microchip\xc8\v2.32\pic\dat\en_msgs.txt -cn \
  -h+dist/default/production\LabE.X.production.sym \
  --cmf=dist/default/production\LabE.X.production.cmf -z -Q16F877A \
  -oC:\Users\Risin\AppData\Local\Temp\xcAs19qc.4 \
  -Mdist/default/production/LabE.X.production.map -E1 -ver=XC8 Compiler \
  -ASTACK=0110h-016Fh -pstack=STACK -ACODE=00h-07FFhx4 -ASTRCODE=00h-01FFFh \
  -ASTRING=00h-0FFhx32 -ACONST=00h-0FFhx32 -AENTRY=00h-0FFhx32 \
  -ACOMMON=070h-07Fh -ABANK0=020h-06Fh -ABANK1=0A0h-0EFh \
  -ABANK2=0110h-016Fh -ABANK3=0190h-01EFh \
  -ARAM=020h-06Fh,0A0h-0EFh,0110h-016Fh,0190h-01EFh \
  -AABS1=020h-07Fh,0A0h-0EFh,0110h-016Fh,0190h-01EFh -ASFR0=00h-01Fh \
  -ASFR1=080h-09Fh -ASFR2=0100h-010Fh -ASFR3=0180h-018Fh \
  -ACONFIG=02007h-02007h -DCONFIG=2 -AIDLOC=02000h-02003h -DIDLOC=2 \
  -AEEDATA=00h-0FFh/02100h -peeprom_data=EEDATA -DEEDATA=2 -DCODE=2 \
  -DSTRCODE=2 -DSTRING=2 -DCONST=2 -DENTRY=2 \
  -preset_vec=00h,intentry=04h,init,end_init -ppowerup=CODE -pcinit=CODE \
  -pfunctab=ENTRY -k C:\Users\Risin\AppData\Local\Temp\xcAs19qc.obj \
  dist/default/production\LabE.X.production.obj 

Object code version is 3.11

Machine type is 16F877A



                Name                               Link     Load   Length Selector   Space Scale
C:\Users\Risin\AppData\Local\Temp\xcAs19qc.obj
                end_init                             12       12        3        8       0
                reset_vec                             0        0        3        0       0
                config                             2007     2007        1        0       4
dist/default/production\LabE.X.production.obj
                cinit                                15       15       10        8       0
                intentry                              4        4        E        8       0
                config                             2007     2007        1        0       4
                text60                             12B2     12B2        7     2564       0
                text59                             12AC     12AC        6     2558       0
                text58                             14E9     14E9       2A     29D2       0
                text57                             12D7     12D7        D     25AE       0
                text56                             168B     168B       55     2D16       0
                text55                             131A     131A       11     2634       0
                text54                             160A     160A       36     2C14       0
                text53                             156B     156B       35     2AD6       0
                text52                             15A0     15A0       35     2B40       0
                text51                             12C1     12C1        B     2582       0
                text50                             13B9     13B9       1C     2772       0
                text49                             1412     1412       21     2824       0
                text48                             1454     1454       23     28A8       0
                text47                              B3A      B3A       6C     1674       0
                text46                             134E     134E       14     269C       0
                text45                              99E      99E       66     133C       0
                text44                             16E0     16E0       59     2DC0       0
                text43                             1640     1640       4B     2C80       0
                text42                              DAA      DAA      12B     1B54       0
                text41                             1362     1362       14     26C4       0
                text40                              A04      A04       66     1408       0
                text39                              1FD      1FD      1A9        8       0
                text38                             12A7     12A7        2     254E       0
                text37                              A6A      A6A       66     14D4       0
                text36                              AD0      AD0       6A     15A0       0
                text35                              3A6      3A6      157        8       0
                text34                               25       25      1D8        8       0
                text33                             12A6     12A6        1     254C       0
                text32                             14C0     14C0       29     2980       0
                text31                              C12      C12       91     1824       0
                text30                             12E4     12E4        D     25C8       0
                text29                             13D5     13D5       1D     27AA       0
                text28                             1433     1433       21     2866       0
                text27                             1477     1477       23     28EE       0
                text26                              BA6      BA6       6C     174C       0
                text25                             1376     1376       14     26EC       0
                text24                             12A9     12A9        3     2552       0
                text23                             1513     1513       2C     2A26       0
                text22                             12F1     12F1        D     25E2       0
                text21                             1739     1739       62     2E72       0
                text20                             179B     179B       65     2F36       0
                text19                             138A     138A       14     2714       0
                text18                              652      652      155        8       0
                text17                             139E     139E       1B     273C       0
                text16                                3        3        1        0       0
                text15                             133C     133C       12     2678       0
                text14                              4FD      4FD      155        8       0
                text13                              7A7      7A7       59        8       0
                text12                              8EE      8EE       4B     11DC       0
                text11                              ED5      ED5      12B     1DAA       0
                text10                             149A     149A       26     2934       0
                text9                               CA3      CA3      107     1946       0
                text8                              132B     132B       11     2656       0
                text7                              15D5     15D5       35     2BAA       0
                text6                               939      939       65     1272       0
                text5                               8E7      8E7        7     11CE       0
                text4                              12FE     12FE        D     25FC       0
                text3                              12CC     12CC        B     2598       0
                text2                              130B     130B        F     2616       0
                text1                              13F2     13F2       20     27E4       0
                maintext                           153F     153F       2C     2A7E       0
                cstackBANK0                          20       20       3F       20       1
                cstackCOMMON                         70       70        E       70       1
                cstackBANK1                          A0       A0       2B       A0       1
                clrtext                            12B9     12B9        8     2572       0
                bssBANK1                             CB       CB       23       A0       1
                bssBANK0                             5F       5F        3       20       1
                strings                             800      800       E7     1000       0

TOTAL           Name                               Link     Load   Length     Space
        CLASS   STACK          

        CLASS   CODE           
                end_init                             12       12        3         0
                cinit                                15       15       10         0
                intentry                              4        4        E         0
                reset_vec                             0        0        3         0
                text60                             12B2     12B2        7         0
                text59                             12AC     12AC        6         0
                text58                             14E9     14E9       2A         0
                text57                             12D7     12D7        D         0
                text56                             168B     168B       55         0
                text55                             131A     131A       11         0
                text54                             160A     160A       36         0
                text53                             156B     156B       35         0
                text52                             15A0     15A0       35         0
                text51                             12C1     12C1        B         0
                text50                             13B9     13B9       1C         0
                text49                             1412     1412       21         0
                text48                             1454     1454       23         0
                text47                              B3A      B3A       6C         0
                text46                             134E     134E       14         0
                text45                              99E      99E       66         0
                text44                             16E0     16E0       59         0
                text43                             1640     1640       4B         0
                text42                              DAA      DAA      12B         0
                text41                             1362     1362       14         0
                text40                              A04      A04       66         0
                text39                              1FD      1FD      1A9         0
                text38                             12A7     12A7        2         0
                text37                              A6A      A6A       66         0
                text36                              AD0      AD0       6A         0
                text35                              3A6      3A6      157         0
                text34                               25       25      1D8         0
                text33                             12A6     12A6        1         0
                text32                             14C0     14C0       29         0
                text31                              C12      C12       91         0
                text30                             12E4     12E4        D         0
                text29                             13D5     13D5       1D         0
                text28                             1433     1433       21         0
                text27                             1477     1477       23         0
                text26                              BA6      BA6       6C         0
                text25                             1376     1376       14         0
                text24                             12A9     12A9        3         0
                text23                             1513     1513       2C         0
                text22                             12F1     12F1        D         0
                text21                             1739     1739       62         0
                text20                             179B     179B       65         0
                text19                             138A     138A       14         0
                text18                              652      652      155         0
                text17                             139E     139E       1B         0
                text16                                3        3        1         0
                text15                             133C     133C       12         0
                text14                              4FD      4FD      155         0
                text13                              7A7      7A7       59         0
                text12                              8EE      8EE       4B         0
                text11                              ED5      ED5      12B         0
                text10                             149A     149A       26         0
                text9                               CA3      CA3      107         0
                text8                              132B     132B       11         0
                text7                              15D5     15D5       35         0
                text6                               939      939       65         0
                text5                               8E7      8E7        7         0
                text4                              12FE     12FE        D         0
                text3                              12CC     12CC        B         0
                text2                              130B     130B        F         0
                text1                              13F2     13F2       20         0
                maintext                           153F     153F       2C         0
                clrtext                            12B9     12B9        8         0

        CLASS   STRCODE        

        CLASS   STRING         
                strings                             800      800       E7         0

        CLASS   CONST          

        CLASS   ENTRY          

        CLASS   COMMON         
                cstackCOMMON                         70       70        E         1

        CLASS   BANK0          
                cstackBANK0                          20       20       3F         1
                bssBANK0                             5F       5F        3         1

        CLASS   BANK1          
                cstackBANK1                          A0       A0       2B         1
                bssBANK1                             CB       CB       23         1

        CLASS   BANK2          

        CLASS   BANK3          

        CLASS   RAM            

        CLASS   ABS1           
                abs_s1                               7E       7E        2         1

        CLASS   SFR0           

        CLASS   SFR1           

        CLASS   SFR2           

        CLASS   SFR3           

        CLASS   CONFIG         
                config                             2007     2007        1         4

        CLASS   IDLOC          

        CLASS   EEDATA         



SEGMENTS        Name                           Load    Length   Top    Selector   Space  Class     Delta

                reset_vec                      000000  000004  000004         0       0  CODE        2
                intentry                       000004  0007FC  000800         8       0  CODE        2
                cstackBANK0                    000020  000042  000062        20       1  BANK0       1
                cstackCOMMON                   000070  00000E  00007E        70       1  COMMON      1
                cstackBANK1                    0000A0  00004E  0000EE        A0       1  BANK1       1
                strings                        000800  0000E7  0008E7      1000       0  STRING      2
                text5                          0008E7  000007  0008EE      11CE       0  CODE        2
                text12                         0008EE  00004B  000939      11DC       0  CODE        2
                text6                          000939  000065  00099E      1272       0  CODE        2
                text45                         00099E  000066  000A04      133C       0  CODE        2
                text40                         000A04  000066  000A6A      1408       0  CODE        2
                text37                         000A6A  000066  000AD0      14D4       0  CODE        2
                text36                         000AD0  00006A  000B3A      15A0       0  CODE        2
                text47                         000B3A  00006C  000BA6      1674       0  CODE        2
                text26                         000BA6  00006C  000C12      174C       0  CODE        2
                text31                         000C12  000091  000CA3      1824       0  CODE        2
                text9                          000CA3  000107  000DAA      1946       0  CODE        2
                text42                         000DAA  00012B  000ED5      1B54       0  CODE        2
                text11                         000ED5  00012B  001000      1DAA       0  CODE        2
                text33                         0012A6  000001  0012A7      254C       0  CODE        2
                text38                         0012A7  000002  0012A9      254E       0  CODE        2
                text24                         0012A9  000003  0012AC      2552       0  CODE        2
                text59                         0012AC  000006  0012B2      2558       0  CODE        2
                text60                         0012B2  000007  0012B9      2564       0  CODE        2
                clrtext                        0012B9  000008  0012C1      2572       0  CODE        2
                text51                         0012C1  00000B  0012CC      2582       0  CODE        2
                text3                          0012CC  00000B  0012D7      2598       0  CODE        2
                text57                         0012D7  00000D  0012E4      25AE       0  CODE        2
                text30                         0012E4  00000D  0012F1      25C8       0  CODE        2
                text22                         0012F1  00000D  0012FE      25E2       0  CODE        2
                text4                          0012FE  00000D  00130B      25FC       0  CODE        2
                text2                          00130B  00000F  00131A      2616       0  CODE        2
                text55                         00131A  000011  00132B      2634       0  CODE        2
                text8                          00132B  000011  00133C      2656       0  CODE        2
                text15                         00133C  000012  00134E      2678       0  CODE        2
                text46                         00134E  000014  001362      269C       0  CODE        2
                text41                         001362  000014  001376      26C4       0  CODE        2
                text25                         001376  000014  00138A      26EC       0  CODE        2
                text19                         00138A  000014  00139E      2714       0  CODE        2
                text17                         00139E  00001B  0013B9      273C       0  CODE        2
                text50                         0013B9  00001C  0013D5      2772       0  CODE        2
                text29                         0013D5  00001D  0013F2      27AA       0  CODE        2
                text1                          0013F2  000020  001412      27E4       0  CODE        2
                text49                         001412  000021  001433      2824       0  CODE        2
                text28                         001433  000021  001454      2866       0  CODE        2
                text48                         001454  000023  001477      28A8       0  CODE        2
                text27                         001477  000023  00149A      28EE       0  CODE        2
                text10                         00149A  000026  0014C0      2934       0  CODE        2
                text32                         0014C0  000029  0014E9      2980       0  CODE        2
                text58                         0014E9  00002A  001513      29D2       0  CODE        2
                text23                         001513  00002C  00153F      2A26       0  CODE        2
                maintext                       00153F  00002C  00156B      2A7E       0  CODE        2
                text53                         00156B  000035  0015A0      2AD6       0  CODE        2
                text52                         0015A0  000035  0015D5      2B40       0  CODE        2
                text7                          0015D5  000035  00160A      2BAA       0  CODE        2
                text54                         00160A  000036  001640      2C14       0  CODE        2
                text43                         001640  00004B  00168B      2C80       0  CODE        2
                text56                         00168B  000055  0016E0      2D16       0  CODE        2
                text44                         0016E0  000059  001739      2DC0       0  CODE        2
                text21                         001739  000062  00179B      2E72       0  CODE        2
                text20                         00179B  000065  001800      2F36       0  CODE        2


UNUSED ADDRESS RANGES

        Name                Unused          Largest block    Delta
        BANK0            0062-006F              E           1
        BANK1            00EE-00EF              2           1
        BANK2            0110-016F             60           1
        BANK3            0190-01EF             60           1
        CODE             1000-12A5            2A6           2
                         1800-1FFF            800
        CONST            1000-12A5            100           2
                         1800-1FFF            100
        EEDATA           2100-21FF            100           2
        ENTRY            1000-12A5            100           2
                         1800-1FFF            100
        IDLOC            2000-2003              4           2
        RAM              0062-006F              E           1
                         00EE-00EF              2
                         0110-016F             60
                         0190-01EF             60
        SFR0             0000-001F             20           1
        SFR1             0080-009F             20           1
        SFR2             0100-010F             10           1
        SFR3             0180-018F             10           1
        STACK            0110-016F             60           1
        STRCODE          1000-12A5            2A6           2
                         1800-1FFF            800
        STRING           1000-12A5            100           2
                         1800-1FFF            100

                                  Symbol Table

?___awdiv                  cstackBANK1  00A0
?___awmod                  cstackBANK1  00A0
?i1___awdiv                cstackCOMMON 0070
?i1___awmod                cstackCOMMON 0070
QueueInit@q                cstackBANK1  00A0
QueueLength@length         cstackBANK1  00A6
QueueLength@q              cstackBANK1  00A5
QueuePop@q                 cstackBANK1  00B1
QueuePop@ret               cstackBANK1  00B0
QueuePush@i                cstackCOMMON 0077
QueuePush@q                cstackCOMMON 007B
TetrisInit@randset         cstackBANK1  00C5
TetrisInit@t               cstackBANK1  00C7
TetrisMove@bx              cstackBANK0  0033
TetrisMove@bx_320          cstackBANK0  0041
TetrisMove@bx_323          cstackBANK0  0039
TetrisMove@by              cstackBANK0  0035
TetrisMove@by_321          cstackBANK0  0037
TetrisMove@by_324          cstackBANK0  003B
TetrisMove@direction       cstackBANK0  002E
TetrisMove@i               cstackBANK0  0048
TetrisMove@j               cstackBANK0  0049
TetrisMove@p               cstackBANK0  0043
TetrisMove@p_319           cstackBANK0  004A
TetrisMove@p_322           cstackBANK0  0045
TetrisMove@t               cstackBANK0  004C
TetrisMove@x               cstackBANK0  0047
TetrisNext@bx              cstackBANK0  003E
TetrisNext@bx_373          cstackBANK0  0042
TetrisNext@bx_376          cstackBANK0  0044
TetrisNext@by              cstackBANK0  0040
TetrisNext@by_374          cstackBANK0  004A
TetrisNext@by_377          cstackBANK0  0046
TetrisNext@by_380          cstackBANK0  0048
TetrisNext@i               cstackBANK0  0053
TetrisNext@j               cstackBANK0  0054
TetrisNext@p               cstackBANK0  004C
TetrisNext@p_372           cstackBANK0  0055
TetrisNext@p_375           cstackBANK0  004E
TetrisNext@p_378           cstackBANK0  0050
TetrisNext@t               cstackBANK0  0057
TetrisNext@y               cstackBANK0  0052
TetrisRotate@t             cstackBANK0  002E
UIClearGame@i              cstackBANK1  00AE
UIPageMain@i               cstackBANK1  00A6
UIPageMain@i_166           cstackBANK1  00B1
UIPageMain@i_182           cstackBANK1  00B0
UIPageMain@j               cstackBANK1  00A7
UIPageMain@j_170           cstackBANK1  00A8
UIPageMain@j_171           cstackBANK1  00A9
UIPageMain@j_173           cstackBANK1  00AA
UIPageMain@j_174           cstackBANK1  00AB
UIPageMain@j_176           cstackBANK1  00AC
UIPageMain@j_177           cstackBANK1  00AD
UIPageMain@j_179           cstackBANK1  00AE
UIPageMain@j_180           cstackBANK1  00AF
UIPageMainToGame@i         cstackBANK1  00B1
UIPageMainToGame@i_192     cstackBANK1  00B2
UIPageMainToGame@i_194     cstackBANK1  00B3
UIPageMainToGame@i_197     cstackBANK1  00B4
UIPageMainToGame@i_200     cstackBANK1  00B5
UartCurMove@x              cstackBANK1  00AC
UartCurMove@y              cstackBANK1  00A9
UartCurSet@x               cstackBANK1  00A9
UartCurSet@y               cstackBANK1  00A7
UartSendChar@ch            cstackBANK1  00A0
UartSendString@str         cstackBANK1  00A2
UartSendUTF8@a             cstackBANK1  00A3
UartSendUTF8@b             cstackBANK1  00A1
UartSendUTF8@c             cstackBANK1  00A2
_ADCON0                    (abs)        001F
_ADCON1                    (abs)        009F
_ADIE                      (abs)        0466
_ADIF                      (abs)        0066
_ADRESL                    (abs)        009E
_AdcGo                     text24       12A9
_AdcInit                   text5        08E7
_AdcVoltL                  text59       12AC
_INTCON                    (abs)        000B
_LedInit                   text4        12FE
_PORTC                     (abs)        0007
_PORTD                     (abs)        0008
_QueueInit                 text3        12CC
_QueueLength               text23       1513
_QueueLength$117           cstackBANK1  00A3
_QueuePop                  text21       1739
_QueuePush                 text56       168B
_RCIE                      (abs)        0465
_RCIF                      (abs)        0065
_RCREG                     (abs)        001A
_RCSTA                     (abs)        0018
_SPBRG                     (abs)        0099
_TRISA                     (abs)        0085
_TRISB                     (abs)        0086
_TRISC                     (abs)        0087
_TRISD                     (abs)        0088
_TRMT                      (abs)        04C1
_TXIF                      (abs)        0064
_TXREG                     (abs)        0019
_TXSTA                     (abs)        0098
_TetrisInit                text17       139E
_TetrisMove                text39       01FD
_TetrisMove$314            cstackBANK0  003D
_TetrisMove$327            cstackBANK0  003F
_TetrisNext                text34       0025
_TetrisRotate              text33       12A6
_UIClearGame               text10       149A
_UIPageMain                text14       04FD
_UIPageMainToGame          text9        0CA3
_UartCurMove               text11       0ED5
_UartCurSet                text26       0BA6
_UartCurShow               text16       0003
_UartInit                  text2        130B
_UartSendChar              text30       12E4
_UartSendString            text29       13D5
_UartSendUTF8              text15       133C
__AdcWait                  text60       12B2
__Habs1                    abs1         0000
__Hbank0                   bank0        0000
__Hbank1                   bank1        0000
__Hbank2                   bank2        0000
__Hbank3                   bank3        0000
__HbssBANK0                bssBANK0     0000
__HbssBANK1                bssBANK1     0000
__Hcinit                   cinit        0025
__Hclrtext                 clrtext      0000
__Hcode                    code         0000
__Hcommon                  common       0000
__Hconfig                  config       2008
__HcstackBANK0             cstackBANK0  0000
__HcstackBANK1             cstackBANK1  0000
__HcstackCOMMON            cstackCOMMON 0000
__Heeprom_data             eeprom_data  0000
__Hend_init                end_init     0015
__Hfunctab                 functab      0000
__Hinit                    init         0012
__Hintentry                intentry     0012
__Hmaintext                maintext     0000
__Hpowerup                 powerup      0000
__Hram                     ram          0000
__Hreset_vec               reset_vec    0003
__Hsfr0                    sfr0         0000
__Hsfr1                    sfr1         0000
__Hsfr2                    sfr2         0000
__Hsfr3                    sfr3         0000
__Hspace_0                 (abs)        1800
__Hspace_1                 (abs)        00EE
__Hspace_2                 (abs)        0000
__Hspace_3                 (abs)        0000
__Hspace_4                 (abs)        400F
__Hstack                   stack        0000
__Hstrings                 strings      0000
__Htext                    text         0000
__Labs1                    abs1         0000
__Lbank0                   bank0        0000
__Lbank1                   bank1        0000
__Lbank2                   bank2        0000
__Lbank3                   bank3        0000
__LbssBANK0                bssBANK0     0000
__LbssBANK1                bssBANK1     0000
__Lcinit                   cinit        0015
__Lclrtext                 clrtext      0000
__Lcode                    code         0000
__Lcommon                  common       0000
__Lconfig                  config       0000
__LcstackBANK0             cstackBANK0  0000
__LcstackBANK1             cstackBANK1  0000
__LcstackCOMMON            cstackCOMMON 0000
__Leeprom_data             eeprom_data  0000
__Lend_init                end_init     0012
__Lfunctab                 functab      0000
__Linit                    init         0012
__Lintentry                intentry     0004
__Lmaintext                maintext     0000
__Lpowerup                 powerup      0000
__Lram                     ram          0000
__Lreset_vec               reset_vec    0000
__Lsfr0                    sfr0         0000
__Lsfr1                    sfr1         0000
__Lsfr2                    sfr2         0000
__Lsfr3                    sfr3         0000
__Lspace_0                 (abs)        0000
__Lspace_1                 (abs)        0000
__Lspace_2                 (abs)        0000
__Lspace_3                 (abs)        0000
__Lspace_4                 (abs)        0000
__Lstack                   stack        0000
__Lstrings                 strings      0000
__Ltext                    text         0000
__S0                       (abs)        1800
__S1                       (abs)        00EE
__S2                       (abs)        0000
__S3                       (abs)        0000
___awdiv                   text13       07A7
___awdiv@counter           cstackBANK1  00A5
___awdiv@dividend          cstackBANK1  00A2
___awdiv@divisor           cstackBANK1  00A0
___awdiv@quotient          cstackBANK1  00A7
___awdiv@sign              cstackBANK1  00A6
___awmod                   text12       08EE
___awmod@counter           cstackBANK1  00A5
___awmod@dividend          cstackBANK1  00A2
___awmod@divisor           cstackBANK1  00A0
___awmod@sign              cstackBANK1  00A6
___bmul                    text8        132B
___bmul@multiplicand       cstackBANK1  00A0
___bmul@multiplier         cstackBANK1  00A3
___bmul@product            cstackBANK1  00A2
___int_sp                  stack        0000
___latbits                 (abs)        0002
___lbdiv                   text28       1433
___lbdiv@counter           cstackBANK1  00A3
___lbdiv@dividend          cstackBANK1  00A2
___lbdiv@divisor           cstackBANK1  00A0
___lbdiv@quotient          cstackBANK1  00A4
___lbmod                   text27       1477
___lbmod@counter           cstackBANK1  00A5
___lbmod@dividend          cstackBANK1  00A4
___lbmod@divisor           cstackBANK1  00A0
___lbmod@rem               cstackBANK1  00A6
___sp                      stack        0000
___stackhi                 (abs)        0000
___stacklo                 (abs)        0000
__clrBlock                 text54       160A
__clrBlock@n               cstackCOMMON 007B
__clrBlock@t               cstackCOMMON 007A
__clrBlock@x               cstackCOMMON 0074
__clrBlock@y               cstackCOMMON 0075
__drawBlock                text25       1376
__drawBlock@x              cstackBANK1  00AD
__drawBlock@y              cstackBANK1  00AA
__drawShape                text6        0939
__drawShape@bx             cstackBANK1  00B6
__drawShape@by             cstackBANK1  00B8
__drawShape@p              cstackBANK1  00BA
__drawShape@shape          cstackBANK1  00AE
__drawShape@t              cstackBANK1  00B5
__drawShape@x              cstackBANK1  00AF
__drawShape@y              cstackBANK1  00B0
__end_of_AdcGo             text24       12AC
__end_of_AdcInit           text5        08EE
__end_of_AdcVoltL          text59       12B2
__end_of_LedInit           text4        130B
__end_of_QueueInit         text3        12D7
__end_of_QueueLength       text23       153F
__end_of_QueuePop          text21       179B
__end_of_QueuePush         text56       16E0
__end_of_TetrisInit        text17       13B9
__end_of_TetrisMove        text39       03A6
__end_of_TetrisNext        text34       01FD
__end_of_TetrisRotate      text33       12A7
__end_of_UIClearGame       text10       14C0
__end_of_UIPageMain        text14       0652
__end_of_UIPageMainToGame  text9        0DAA
__end_of_UartCurMove       text11       1000
__end_of_UartCurSet        text26       0C12
__end_of_UartCurShow       text16       0004
__end_of_UartInit          text2        131A
__end_of_UartSendChar      text30       12F1
__end_of_UartSendString    text29       13F2
__end_of_UartSendUTF8      text15       134E
__end_of__AdcWait          text60       12B9
__end_of___awdiv           text13       0800
__end_of___awmod           text12       0939
__end_of___bmul            text8        133C
__end_of___lbdiv           text28       1454
__end_of___lbmod           text27       149A
__end_of__clrBlock         text54       1640
__end_of__drawBlock        text25       138A
__end_of__drawShape        text6        099E
__end_of__getBlock         text7        160A
__end_of__initialization   cinit        0021
__end_of__next             text22       12FE
__end_of__randShape        text20       1800
__end_of__setBlock         text53       15A0
__end_of__shapeNext        text18       07A7
__end_of__stringtab        strings      0806
__end_of__wipeBlock        text19       139E
__end_of__wipeShape        text45       0A04
__end_of_isr               text31       0CA3
__end_of_main              maintext     156B
__end_of_setup             text1        1412
__end_of_table             strings      0838
__end_ofi1_AdcGo           text38       12A9
__end_ofi1_QueueLength     text58       1513
__end_ofi1_QueuePop        text37       0AD0
__end_ofi1_UIClearGame     text32       14E9
__end_ofi1_UartCurMove     text42       0ED5
__end_ofi1_UartCurSet      text47       0BA6
__end_ofi1_UartSendChar    text51       12CC
__end_ofi1_UartSendString  text50       13D5
__end_ofi1___awdiv         text44       1739
__end_ofi1___awmod         text43       168B
__end_ofi1___bmul          text55       132B
__end_ofi1___lbdiv         text49       1433
__end_ofi1___lbmod         text48       1477
__end_ofi1__drawBlock      text41       1376
__end_ofi1__drawShape      text40       0A6A
__end_ofi1__getBlock       text52       15D5
__end_ofi1__next           text57       12E4
__end_ofi1__randShape      text36       0B3A
__end_ofi1__shapeNext      text35       04FD
__end_ofi1__wipeBlock      text46       1362
__getBlock                 text7        15D5
__getBlock@n               cstackBANK1  00A9
__getBlock@t               cstackBANK1  00AA
__getBlock@x               cstackBANK1  00A4
__getBlock@y               cstackBANK1  00A5
__initialization           cinit        0015
__next                     text22       12F1
__next@n                   cstackBANK1  00A1
__pbssBANK0                bssBANK0     005F
__pbssBANK1                bssBANK1     00CB
__pcstackBANK0             cstackBANK0  0020
__pcstackBANK1             cstackBANK1  00A0
__pcstackCOMMON            cstackCOMMON 0070
__pintentry                intentry     0004
__pmaintext                maintext     153F
__pstrings                 strings      0800
__ptext1                   text1        13F2
__ptext10                  text10       149A
__ptext11                  text11       0ED5
__ptext12                  text12       08EE
__ptext13                  text13       07A7
__ptext14                  text14       04FD
__ptext15                  text15       133C
__ptext16                  text16       0003
__ptext17                  text17       139E
__ptext18                  text18       0652
__ptext19                  text19       138A
__ptext2                   text2        130B
__ptext20                  text20       179B
__ptext21                  text21       1739
__ptext22                  text22       12F1
__ptext23                  text23       1513
__ptext24                  text24       12A9
__ptext25                  text25       1376
__ptext26                  text26       0BA6
__ptext27                  text27       1477
__ptext28                  text28       1433
__ptext29                  text29       13D5
__ptext3                   text3        12CC
__ptext30                  text30       12E4
__ptext31                  text31       0C12
__ptext32                  text32       14C0
__ptext33                  text33       12A6
__ptext34                  text34       0025
__ptext35                  text35       03A6
__ptext36                  text36       0AD0
__ptext37                  text37       0A6A
__ptext38                  text38       12A7
__ptext39                  text39       01FD
__ptext4                   text4        12FE
__ptext40                  text40       0A04
__ptext41                  text41       1362
__ptext42                  text42       0DAA
__ptext43                  text43       1640
__ptext44                  text44       16E0
__ptext45                  text45       099E
__ptext46                  text46       134E
__ptext47                  text47       0B3A
__ptext48                  text48       1454
__ptext49                  text49       1412
__ptext5                   text5        08E7
__ptext50                  text50       13B9
__ptext51                  text51       12C1
__ptext52                  text52       15A0
__ptext53                  text53       156B
__ptext54                  text54       160A
__ptext55                  text55       131A
__ptext56                  text56       168B
__ptext57                  text57       12D7
__ptext58                  text58       14E9
__ptext59                  text59       12AC
__ptext6                   text6        0939
__ptext60                  text60       12B2
__ptext7                   text7        15D5
__ptext8                   text8        132B
__ptext9                   text9        0CA3
__randShape                text20       179B
__randShape@i              cstackBANK1  00B5
__randShape@i_212          cstackBANK1  00B6
__randShape@randset        cstackBANK1  00B7
__randShape@rotate         cstackBANK1  00B4
__randShape@shape          cstackBANK1  00B8
__setBlock                 text53       156B
__setBlock@n               cstackCOMMON 007A
__setBlock@t               cstackCOMMON 007B
__setBlock@x               cstackCOMMON 0074
__setBlock@y               cstackCOMMON 0075
__shapeNext                text18       0652
__shapeNext@p              cstackBANK1  00BC
__shapeNext@p_287          cstackBANK1  00BE
__shapeNext@p_288          cstackBANK1  00C0
__shapeNext@p_289          cstackBANK1  00C2
__shapeNext@t              cstackBANK1  00C4
__size_of_AdcGo            (abs)        0000
__size_of_AdcInit          (abs)        0000
__size_of_AdcVoltL         (abs)        0000
__size_of_LedInit          (abs)        0000
__size_of_QueueInit        (abs)        0000
__size_of_QueueLength      (abs)        0000
__size_of_QueuePop         (abs)        0000
__size_of_QueuePush        (abs)        0000
__size_of_TetrisInit       (abs)        0000
__size_of_TetrisMove       (abs)        0000
__size_of_TetrisNext       (abs)        0000
__size_of_TetrisRotate     (abs)        0000
__size_of_UIClearGame      (abs)        0000
__size_of_UIPageMain       (abs)        0000
__size_of_UIPageMainToGame (abs)        0000
__size_of_UartCurMove      (abs)        0000
__size_of_UartCurSet       (abs)        0000
__size_of_UartCurShow      (abs)        0000
__size_of_UartInit         (abs)        0000
__size_of_UartSendChar     (abs)        0000
__size_of_UartSendString   (abs)        0000
__size_of_UartSendUTF8     (abs)        0000
__size_of__AdcWait         (abs)        0000
__size_of___awdiv          (abs)        0000
__size_of___awmod          (abs)        0000
__size_of___bmul           (abs)        0000
__size_of___lbdiv          (abs)        0000
__size_of___lbmod          (abs)        0000
__size_of__clrBlock        (abs)        0000
__size_of__drawBlock       (abs)        0000
__size_of__drawShape       (abs)        0000
__size_of__getBlock        (abs)        0000
__size_of__next            (abs)        0000
__size_of__randShape       (abs)        0000
__size_of__setBlock        (abs)        0000
__size_of__shapeNext       (abs)        0000
__size_of__wipeBlock       (abs)        0000
__size_of__wipeShape       (abs)        0000
__size_of_isr              (abs)        0000
__size_of_main             (abs)        0000
__size_of_setup            (abs)        0000
__size_ofi1_AdcGo          (abs)        0000
__size_ofi1_QueueLength    (abs)        0000
__size_ofi1_QueuePop       (abs)        0000
__size_ofi1_UIClearGame    (abs)        0000
__size_ofi1_UartCurMove    (abs)        0000
__size_ofi1_UartCurSet     (abs)        0000
__size_ofi1_UartSendChar   (abs)        0000
__size_ofi1_UartSendString (abs)        0000
__size_ofi1___awdiv        (abs)        0000
__size_ofi1___awmod        (abs)        0000
__size_ofi1___bmul         (abs)        0000
__size_ofi1___lbdiv        (abs)        0000
__size_ofi1___lbmod        (abs)        0000
__size_ofi1__drawBlock     (abs)        0000
__size_ofi1__drawShape     (abs)        0000
__size_ofi1__getBlock      (abs)        0000
__size_ofi1__next          (abs)        0000
__size_ofi1__randShape     (abs)        0000
__size_ofi1__shapeNext     (abs)        0000
__size_ofi1__wipeBlock     (abs)        0000
__stringbase               strings      0805
__stringtab                strings      0800
__wipeBlock                text19       138A
__wipeBlock@x              cstackBANK1  00AD
__wipeBlock@y              cstackBANK1  00AA
__wipeShape                text45       099E
__wipeShape@bx             cstackBANK0  0028
__wipeShape@by             cstackBANK0  002A
__wipeShape@p              cstackBANK0  002C
__wipeShape@shape          cstackBANK0  0020
__wipeShape@t              cstackBANK0  0027
__wipeShape@x              cstackBANK0  0021
__wipeShape@y              cstackBANK0  0022
_flag                      bssBANK0     0061
_game                      bssBANK1     00CB
_isr                       text31       0C12
_key                       bssBANK0     005F
_main                      maintext     153F
_randset                   bssBANK1     00EB
_setup                     text1        13F2
_table                     strings      0806
btemp                      (abs)        007E
clear_ram0                 clrtext      12B9
end_of_initialization      cinit        0021
i1QueueLength@length       cstackCOMMON 0076
i1QueueLength@q            cstackCOMMON 0075
i1QueuePop@q               cstackCOMMON 0078
i1QueuePop@ret             cstackCOMMON 0077
i1UIClearGame@i            cstackBANK0  0020
i1UartCurMove@x            cstackCOMMON 007C
i1UartCurMove@y            cstackCOMMON 0079
i1UartCurSet@x             cstackCOMMON 0079
i1UartCurSet@y             cstackCOMMON 0077
i1UartSendChar@ch          cstackCOMMON 0070
i1UartSendString@str       cstackCOMMON 0072
i1_AdcGo                   text38       12A7
i1_QueueLength             text58       14E9
i1_QueueLength$117         cstackCOMMON 0073
i1_QueuePop                text37       0A6A
i1_UIClearGame             text32       14C0
i1_UartCurMove             text42       0DAA
i1_UartCurSet              text47       0B3A
i1_UartSendChar            text51       12C1
i1_UartSendString          text50       13B9
i1___awdiv                 text44       16E0
i1___awdiv@counter         cstackCOMMON 0075
i1___awdiv@dividend        cstackCOMMON 0072
i1___awdiv@divisor         cstackCOMMON 0070
i1___awdiv@quotient        cstackCOMMON 0077
i1___awdiv@sign            cstackCOMMON 0076
i1___awmod                 text43       1640
i1___awmod@counter         cstackCOMMON 0075
i1___awmod@dividend        cstackCOMMON 0072
i1___awmod@divisor         cstackCOMMON 0070
i1___awmod@sign            cstackCOMMON 0076
i1___bmul                  text55       131A
i1___bmul@multiplicand     cstackCOMMON 0070
i1___bmul@multiplier       cstackCOMMON 0073
i1___bmul@product          cstackCOMMON 0072
i1___lbdiv                 text49       1412
i1___lbdiv@counter         cstackCOMMON 0073
i1___lbdiv@dividend        cstackCOMMON 0072
i1___lbdiv@divisor         cstackCOMMON 0070
i1___lbdiv@quotient        cstackCOMMON 0074
i1___lbmod                 text48       1454
i1___lbmod@counter         cstackCOMMON 0075
i1___lbmod@dividend        cstackCOMMON 0074
i1___lbmod@divisor         cstackCOMMON 0070
i1___lbmod@rem             cstackCOMMON 0076
i1__drawBlock              text41       1362
i1__drawBlock@x            cstackCOMMON 007D
i1__drawBlock@y            cstackCOMMON 007A
i1__drawShape              text40       0A04
i1__drawShape@bx           cstackBANK0  0028
i1__drawShape@by           cstackBANK0  002A
i1__drawShape@p            cstackBANK0  002C
i1__drawShape@shape        cstackBANK0  0020
i1__drawShape@t            cstackBANK0  0027
i1__drawShape@x            cstackBANK0  0021
i1__drawShape@y            cstackBANK0  0022
i1__getBlock               text52       15A0
i1__getBlock@n             cstackCOMMON 007A
i1__getBlock@t             cstackCOMMON 0079
i1__getBlock@x             cstackCOMMON 0074
i1__getBlock@y             cstackCOMMON 0075
i1__next                   text57       12D7
i1__next@n                 cstackCOMMON 0071
i1__randShape              text36       0AD0
i1__randShape@i            cstackBANK0  002B
i1__randShape@i_212        cstackBANK0  002C
i1__randShape@randset      cstackBANK0  002A
i1__randShape@rotate       cstackBANK0  0029
i1__randShape@shape        cstackBANK0  002D
i1__shapeNext              text35       03A6
i1__shapeNext@p            cstackBANK0  0031
i1__shapeNext@p_287        cstackBANK0  0033
i1__shapeNext@p_288        cstackBANK0  0035
i1__shapeNext@p_289        cstackBANK0  0037
i1__shapeNext@t            cstackBANK0  0039
i1__wipeBlock              text46       134E
i1__wipeBlock@x            cstackCOMMON 007D
i1__wipeBlock@y            cstackCOMMON 007A
interrupt_function         intentry     0004
intlevel0                  functab      0000
intlevel1                  functab      0000
intlevel2                  functab      0000
intlevel3                  functab      0000
intlevel4                  functab      0000
intlevel5                  functab      0000
isr@rc                     cstackBANK0  005E
reset_vec                  reset_vec    0000
saved_w                    (abs)        007E
start                      init         0012
start_initialization       cinit        0015
wtemp0                     (abs)        007E


MODULE INFORMATION

Module		Function		Class		Link	Load	Size
C:\Program Files\Microchip\xc8\v2.32\pic\sources\c90\common\Umul8.c
		___bmul        		CODE           	132B	0000	17

C:\Program Files\Microchip\xc8\v2.32\pic\sources\c90\common\Umul8.c estimated size: 17

tetris.h
		_TetrisRotate  		CODE           	12A6	0000	1
		__shapeNext    		CODE           	0652	0000	341
		__drawShape    		CODE           	0939	0000	101
		__wipeBlock    		CODE           	138A	0000	20
		_TetrisNext    		CODE           	0025	0000	472
		__wipeShape    		CODE           	099E	0000	102
		__randShape    		CODE           	179B	0000	101
		__getBlock     		CODE           	15D5	0000	53
		__clrBlock     		CODE           	160A	0000	54
		_TetrisMove    		CODE           	01FD	0000	425
		__setBlock     		CODE           	156B	0000	53
		_TetrisInit    		CODE           	139E	0000	27
		__drawBlock    		CODE           	1376	0000	20

tetris.h estimated size: 1770

queue.h
		_QueueInit     		CODE           	12CC	0000	11
		__next         		CODE           	12F1	0000	13
		_QueuePop      		CODE           	1739	0000	98
		_QueuePush     		CODE           	168B	0000	85
		_QueueLength   		CODE           	1513	0000	44

queue.h estimated size: 251

uart.h
		_UartCurSet    		CODE           	0BA6	0000	108
		_UartCurMove   		CODE           	0ED5	0000	299
		_UartCurShow   		CODE           	0003	0000	1
		_UartInit      		CODE           	130B	0000	15
		_UartSendUTF8  		CODE           	133C	0000	18
		_UartSendChar  		CODE           	12E4	0000	13
		_UartSendString		CODE           	13D5	0000	29

uart.h estimated size: 483

C:\Program Files\Microchip\xc8\v2.32\pic\sources\c90\common\lbdiv.c
		___lbdiv       		CODE           	1433	0000	33

C:\Program Files\Microchip\xc8\v2.32\pic\sources\c90\common\lbdiv.c estimated size: 33

adc.h
		_AdcInit       		CODE           	08E7	0000	7
		_AdcGo         		CODE           	12A9	0000	3
		_AdcVoltL      		CODE           	12AC	0000	6
		__AdcWait      		CODE           	12B2	0000	7

adc.h estimated size: 23

ui.h
		_UIPageMain    		CODE           	04FD	0000	341
		_UIPageMainToGame		CODE           	0CA3	0000	263
		_UIClearGame   		CODE           	149A	0000	38

ui.h estimated size: 642

C:\Program Files\Microchip\xc8\v2.32\pic\sources\c90\common\awmod.c
		___awmod       		CODE           	08EE	0000	75

C:\Program Files\Microchip\xc8\v2.32\pic\sources\c90\common\awmod.c estimated size: 75

shared
		i1___lbdiv     		CODE           	1412	0000	33
		i1__shapeNext  		CODE           	03A6	0000	343
		__stringtab    		STRING         	0800	0000	6
		i1__wipeBlock  		CODE           	134E	0000	20
		i1___lbmod     		CODE           	1454	0000	35
		_table         		STRING         	0806	0000	50
		i1__drawShape  		CODE           	0A04	0000	102
		i1__drawBlock  		CODE           	1362	0000	20
		i1__getBlock   		CODE           	15A0	0000	53
		i1_QueuePop    		CODE           	0A6A	0000	102
		i1_UartCurSet  		CODE           	0B3A	0000	108
		i1___awdiv     		CODE           	16E0	0000	89
		i1_UartCurMove 		CODE           	0DAA	0000	299
		i1_UartSendString		CODE           	13B9	0000	28
		i1_QueueLength 		CODE           	14E9	0000	42
		__initialization		CODE           	0015	0000	12
		i1___awmod     		CODE           	1640	0000	75
		i1_UartSendChar		CODE           	12C1	0000	11
		i1__next       		CODE           	12D7	0000	13
		i1___bmul      		CODE           	131A	0000	17
		i1_AdcGo       		CODE           	12A7	0000	2
		i1_UIClearGame 		CODE           	14C0	0000	41
		i1__randShape  		CODE           	0AD0	0000	106

shared estimated size: 1607

C:\Program Files\Microchip\xc8\v2.32\pic\sources\c90\common\awdiv.c
		___awdiv       		CODE           	07A7	0000	89

C:\Program Files\Microchip\xc8\v2.32\pic\sources\c90\common\awdiv.c estimated size: 89

main.c
		_main          		CODE           	153F	0000	44
		_isr           		CODE           	0C12	0000	145
		_setup         		CODE           	13F2	0000	32

main.c estimated size: 221

C:\Program Files\Microchip\xc8\v2.32\pic\sources\c90\common\lbmod.c
		___lbmod       		CODE           	1477	0000	35

C:\Program Files\Microchip\xc8\v2.32\pic\sources\c90\common\lbmod.c estimated size: 35

led.h
		_LedInit       		CODE           	12FE	0000	13

led.h estimated size: 13

